To honour the JVM settings for this build a single-use Daemon process will be forked. For more on this, please refer to https://docs.gradle.org/8.13/userguide/gradle_daemon.html#sec:disabling_the_daemon in the Gradle documentation.
Daemon will be stopped at the end of the build 
Configuration on demand is an incubating feature.

> Configure project :app
WARNING: The option setting 'android.defaults.buildfeatures.buildconfig=true' is deprecated.
The current default is 'false'.
It will be removed in version 10.0 of the Android Gradle plugin.
To keep using this feature, add the following to your module-level build.gradle files:
    android.buildFeatures.buildConfig = true
or from Android Studio, click: `Refactor` > `Migrate BuildConfig to Gradle Build Files`.

> Task :app:preBuild UP-TO-DATE
> Task :app:preFlavorDefaultDebugBuild UP-TO-DATE
> Task :app:mergeFlavorDefaultDebugNativeDebugMetadata NO-SOURCE
> Task :copyRepoFiles UP-TO-DATE
> Task :app:generateFlavorDefaultDebugBuildConfig
> Task :app:javaPreCompileFlavorDefaultDebug UP-TO-DATE
> Task :app:checkFlavorDefaultDebugAarMetadata UP-TO-DATE
> Task :app:processFlavorDefaultDebugNavigationResources UP-TO-DATE
> Task :app:compileFlavorDefaultDebugNavigationResources UP-TO-DATE
> Task :app:generateFlavorDefaultDebugResValues UP-TO-DATE
> Task :app:mapFlavorDefaultDebugSourceSetPaths UP-TO-DATE
> Task :app:generateFlavorDefaultDebugResources UP-TO-DATE
> Task :app:mergeFlavorDefaultDebugResources UP-TO-DATE
> Task :app:createFlavorDefaultDebugCompatibleScreenManifests UP-TO-DATE
> Task :app:extractDeepLinksFlavorDefaultDebug UP-TO-DATE
> Task :app:processFlavorDefaultDebugMainManifest UP-TO-DATE
> Task :app:processFlavorDefaultDebugManifest UP-TO-DATE
> Task :app:processFlavorDefaultDebugManifestForPackage UP-TO-DATE
> Task :app:processFlavorDefaultDebugResources UP-TO-DATE

> Task :app:compileFlavorDefaultDebugJavaWithJavac
Java compiler version 21 has deprecated support for compiling with source/target version 8.
Try one of the following options:
    1. [Recommended] Use Java toolchain with a lower language version
    2. Set a higher source/target version
    3. Use a lower version of the JDK running the build (if you're not using Java toolchain)
For more details on how to configure these settings, see https://developer.android.com/build/jdks.
To suppress this warning, set android.javaCompile.suppressSourceTargetDeprecationWarning=true in gradle.properties.
warning: [options] source value 8 is obsolete and will be removed in a future release
warning: [options] target value 8 is obsolete and will be removed in a future release
warning: [options] To suppress warnings about obsolete options, use -Xlint:-options.
Note: Some input files use or override a deprecated API.
Note: Recompile with -Xlint:deprecation for details.
3 warnings

> Task :app:mergeFlavorDefaultDebugShaders
> Task :app:compileFlavorDefaultDebugShaders NO-SOURCE
> Task :app:generateFlavorDefaultDebugAssets UP-TO-DATE
> Task :app:mergeFlavorDefaultDebugAssets
> Task :app:compressFlavorDefaultDebugAssets
> Task :app:checkFlavorDefaultDebugDuplicateClasses
> Task :app:desugarFlavorDefaultDebugFileDependencies
> Task :app:dexBuilderFlavorDefaultDebug
> Task :app:processFlavorDefaultDebugJavaRes NO-SOURCE
> Task :app:mergeFlavorDefaultDebugJniLibFolders
> Task :app:mergeFlavorDefaultDebugNativeLibs NO-SOURCE
> Task :app:stripFlavorDefaultDebugDebugSymbols NO-SOURCE
> Task :app:mergeFlavorDefaultDebugJavaResource
> Task :app:validateSigningFlavorDefaultDebug
> Task :app:writeFlavorDefaultDebugAppMetadata
> Task :app:writeFlavorDefaultDebugSigningConfigVersions
> Task :app:mergeDexFlavorDefaultDebug
> Task :app:packageFlavorDefaultDebug
> Task :app:createFlavorDefaultDebugApkListingFileRedirect
> Task :app:assembleFlavorDefaultDebug

[Incubating] Problems report is available at: file:///home/runner/work/extended-notepad/extended-notepad/build/reports/problems/problems-report.html

Deprecated Gradle features were used in this build, making it incompatible with Gradle 9.0.

You can use '--warning-mode all' to show the individual deprecation warnings and determine if they come from your own scripts or plugins.

For more on this, please refer to https://docs.gradle.org/8.13/userguide/command_line_interface.html#sec:command_line_warnings in the Gradle documentation.

BUILD SUCCESSFUL in 55s
31 actionable tasks: 16 executed, 15 up-to-date
