To honour the JVM settings for this build a single-use Daemon process will be forked. For more on this, please refer to https://docs.gradle.org/8.13/userguide/gradle_daemon.html#sec:disabling_the_daemon in the Gradle documentation.
Daemon will be stopped at the end of the build 
Configuration on demand is an incubating feature.

> Configure project :app
WARNING: The option setting 'android.defaults.buildfeatures.buildconfig=true' is deprecated.
The current default is 'false'.
It will be removed in version 10.0 of the Android Gradle plugin.
To keep using this feature, add the following to your module-level build.gradle files:
    android.buildFeatures.buildConfig = true
or from Android Studio, click: `Refactor` > `Migrate BuildConfig to Gradle Build Files`.

> Task :app:dependencies

------------------------------------------------------------
Project ':app'
------------------------------------------------------------

flavorAtestDebugRuntimeClasspath - Resolved configuration for runtime for variant: flavorAtestDebug
+--- androidx.multidex:multidex:2.0.0 -> 2.0.1
+--- androidx.multidex:multidex:2.0.1
+--- androidx.appcompat:appcompat:1.4.2 -> 1.6.1
|    +--- androidx.activity:activity:1.6.0
|    |    +--- androidx.annotation:annotation:1.1.0 -> 1.3.0
|    |    +--- androidx.collection:collection:1.0.0 -> 1.1.0
|    |    |    \--- androidx.annotation:annotation:1.1.0 -> 1.3.0
|    |    +--- androidx.core:core:1.8.0 -> 1.9.0
|    |    |    +--- androidx.annotation:annotation:1.2.0 -> 1.3.0
|    |    |    +--- androidx.annotation:annotation-experimental:1.3.0
|    |    |    |    \--- org.jetbrains.kotlin:kotlin-stdlib:1.7.10
|    |    |    |         +--- org.jetbrains.kotlin:kotlin-stdlib-common:1.7.10
|    |    |    |         \--- org.jetbrains:annotations:13.0
|    |    |    +--- androidx.collection:collection:1.0.0 -> 1.1.0 (*)
|    |    |    +--- androidx.concurrent:concurrent-futures:1.0.0
|    |    |    |    +--- com.google.guava:listenablefuture:1.0
|    |    |    |    \--- androidx.annotation:annotation:1.1.0 -> 1.3.0
|    |    |    +--- androidx.lifecycle:lifecycle-runtime:2.3.1 -> 2.5.1
|    |    |    |    +--- androidx.annotation:annotation:1.1.0 -> 1.3.0
|    |    |    |    +--- androidx.arch.core:core-common:2.1.0
|    |    |    |    |    \--- androidx.annotation:annotation:1.1.0 -> 1.3.0
|    |    |    |    +--- androidx.arch.core:core-runtime:2.1.0
|    |    |    |    |    +--- androidx.annotation:annotation:1.1.0 -> 1.3.0
|    |    |    |    |    \--- androidx.arch.core:core-common:2.1.0 (*)
|    |    |    |    \--- androidx.lifecycle:lifecycle-common:2.5.1
|    |    |    |         \--- androidx.annotation:annotation:1.1.0 -> 1.3.0
|    |    |    +--- androidx.versionedparcelable:versionedparcelable:1.1.1
|    |    |    |    +--- androidx.annotation:annotation:1.1.0 -> 1.3.0
|    |    |    |    \--- androidx.collection:collection:1.0.0 -> 1.1.0 (*)
|    |    |    \--- androidx.core:core-ktx:1.9.0 (c)
|    |    +--- androidx.lifecycle:lifecycle-runtime:2.5.1 (*)
|    |    +--- androidx.lifecycle:lifecycle-viewmodel:2.5.1
|    |    |    +--- androidx.annotation:annotation:1.1.0 -> 1.3.0
|    |    |    +--- org.jetbrains.kotlin:kotlin-stdlib:1.6.21 -> 1.7.10 (*)
|    |    |    \--- androidx.lifecycle:lifecycle-viewmodel-savedstate:2.5.1 (c)
|    |    +--- androidx.lifecycle:lifecycle-viewmodel-savedstate:2.5.1
|    |    |    +--- androidx.annotation:annotation:1.0.0 -> 1.3.0
|    |    |    +--- androidx.core:core-ktx:1.2.0 -> 1.9.0
|    |    |    |    +--- androidx.annotation:annotation:1.1.0 -> 1.3.0
|    |    |    |    +--- androidx.core:core:1.9.0 (*)
|    |    |    |    +--- org.jetbrains.kotlin:kotlin-stdlib:1.7.10 (*)
|    |    |    |    \--- androidx.core:core:1.9.0 (c)
|    |    |    +--- androidx.lifecycle:lifecycle-livedata-core:2.5.1
|    |    |    |    +--- androidx.arch.core:core-common:2.1.0 (*)
|    |    |    |    +--- androidx.arch.core:core-runtime:2.1.0 (*)
|    |    |    |    \--- androidx.lifecycle:lifecycle-common:2.5.1 (*)
|    |    |    +--- androidx.lifecycle:lifecycle-viewmodel:2.5.1 (*)
|    |    |    +--- androidx.savedstate:savedstate:1.2.0
|    |    |    |    +--- androidx.annotation:annotation:1.1.0 -> 1.3.0
|    |    |    |    +--- androidx.arch.core:core-common:2.1.0 (*)
|    |    |    |    +--- androidx.lifecycle:lifecycle-common:2.4.0 -> 2.5.1 (*)
|    |    |    |    \--- org.jetbrains.kotlin:kotlin-stdlib:1.6.20 -> 1.7.10 (*)
|    |    |    +--- org.jetbrains.kotlin:kotlin-stdlib:1.6.21 -> 1.7.10 (*)
|    |    |    \--- org.jetbrains.kotlinx:kotlinx-coroutines-android:1.6.1
|    |    |         +--- org.jetbrains.kotlinx:kotlinx-coroutines-core:1.6.1
|    |    |         |    \--- org.jetbrains.kotlinx:kotlinx-coroutines-core-jvm:1.6.1
|    |    |         |         +--- org.jetbrains.kotlinx:kotlinx-coroutines-bom:1.6.1
|    |    |         |         |    +--- org.jetbrains.kotlinx:kotlinx-coroutines-android:1.6.1 (c)
|    |    |         |         |    +--- org.jetbrains.kotlinx:kotlinx-coroutines-core:1.6.1 (c)
|    |    |         |         |    \--- org.jetbrains.kotlinx:kotlinx-coroutines-core-jvm:1.6.1 (c)
|    |    |         |         +--- org.jetbrains.kotlin:kotlin-stdlib-jdk8:1.6.0 -> 1.6.10
|    |    |         |         |    +--- org.jetbrains.kotlin:kotlin-stdlib:1.6.10 -> 1.7.10 (*)
|    |    |         |         |    \--- org.jetbrains.kotlin:kotlin-stdlib-jdk7:1.6.10
|    |    |         |         |         \--- org.jetbrains.kotlin:kotlin-stdlib:1.6.10 -> 1.7.10 (*)
|    |    |         |         \--- org.jetbrains.kotlin:kotlin-stdlib-common:1.6.0 -> 1.7.10
|    |    |         +--- org.jetbrains.kotlinx:kotlinx-coroutines-bom:1.6.1 (*)
|    |    |         \--- org.jetbrains.kotlin:kotlin-stdlib-jdk8:1.6.0 -> 1.6.10 (*)
|    |    +--- androidx.savedstate:savedstate:1.2.0 (*)
|    |    +--- androidx.tracing:tracing:1.0.0
|    |    |    \--- androidx.annotation:annotation:1.1.0 -> 1.3.0
|    |    +--- org.jetbrains.kotlin:kotlin-stdlib:1.7.10 (*)
|    |    \--- androidx.activity:activity-ktx:1.6.0 (c)
|    +--- androidx.annotation:annotation:1.3.0
|    +--- androidx.appcompat:appcompat-resources:1.6.1
|    |    +--- androidx.annotation:annotation:1.2.0 -> 1.3.0
|    |    +--- androidx.collection:collection:1.0.0 -> 1.1.0 (*)
|    |    +--- androidx.core:core:1.6.0 -> 1.9.0 (*)
|    |    +--- androidx.vectordrawable:vectordrawable:1.1.0
|    |    |    +--- androidx.annotation:annotation:1.1.0 -> 1.3.0
|    |    |    +--- androidx.core:core:1.1.0 -> 1.9.0 (*)
|    |    |    \--- androidx.collection:collection:1.1.0 (*)
|    |    +--- androidx.vectordrawable:vectordrawable-animated:1.1.0
|    |    |    +--- androidx.vectordrawable:vectordrawable:1.1.0 (*)
|    |    |    +--- androidx.interpolator:interpolator:1.0.0
|    |    |    |    \--- androidx.annotation:annotation:1.0.0 -> 1.3.0
|    |    |    \--- androidx.collection:collection:1.1.0 (*)
|    |    \--- androidx.appcompat:appcompat:1.6.1 (c)
|    +--- androidx.collection:collection:1.0.0 -> 1.1.0 (*)
|    +--- androidx.core:core:1.9.0 (*)
|    +--- androidx.core:core-ktx:1.8.0 -> 1.9.0 (*)
|    +--- androidx.cursoradapter:cursoradapter:1.0.0
|    |    \--- androidx.annotation:annotation:1.0.0 -> 1.3.0
|    +--- androidx.drawerlayout:drawerlayout:1.0.0 -> 1.1.1
|    |    +--- androidx.annotation:annotation:1.1.0 -> 1.3.0
|    |    +--- androidx.core:core:1.2.0 -> 1.9.0 (*)
|    |    \--- androidx.customview:customview:1.1.0
|    |         +--- androidx.annotation:annotation:1.1.0 -> 1.3.0
|    |         +--- androidx.core:core:1.3.0 -> 1.9.0 (*)
|    |         \--- androidx.collection:collection:1.1.0 (*)
|    +--- androidx.emoji2:emoji2:1.2.0
|    |    +--- androidx.annotation:annotation:1.2.0 -> 1.3.0
|    |    +--- androidx.collection:collection:1.1.0 (*)
|    |    +--- androidx.core:core:1.3.0 -> 1.9.0 (*)
|    |    +--- androidx.lifecycle:lifecycle-process:2.4.1
|    |    |    +--- androidx.lifecycle:lifecycle-runtime:2.4.1 -> 2.5.1 (*)
|    |    |    +--- androidx.startup:startup-runtime:1.1.1
|    |    |    |    +--- androidx.annotation:annotation:1.1.0 -> 1.3.0
|    |    |    |    \--- androidx.tracing:tracing:1.0.0 (*)
|    |    |    \--- androidx.annotation:annotation:1.2.0 -> 1.3.0
|    |    \--- androidx.startup:startup-runtime:1.0.0 -> 1.1.1 (*)
|    +--- androidx.emoji2:emoji2-views-helper:1.2.0
|    |    +--- androidx.collection:collection:1.1.0 (*)
|    |    +--- androidx.core:core:1.3.0 -> 1.9.0 (*)
|    |    \--- androidx.emoji2:emoji2:1.2.0 (*)
|    +--- androidx.fragment:fragment:1.3.6
|    |    +--- androidx.annotation:annotation:1.1.0 -> 1.3.0
|    |    +--- androidx.core:core:1.2.0 -> 1.9.0 (*)
|    |    +--- androidx.collection:collection:1.1.0 (*)
|    |    +--- androidx.viewpager:viewpager:1.0.0
|    |    |    +--- androidx.annotation:annotation:1.0.0 -> 1.3.0
|    |    |    +--- androidx.core:core:1.0.0 -> 1.9.0 (*)
|    |    |    \--- androidx.customview:customview:1.0.0 -> 1.1.0 (*)
|    |    +--- androidx.loader:loader:1.0.0
|    |    |    +--- androidx.annotation:annotation:1.0.0 -> 1.3.0
|    |    |    +--- androidx.core:core:1.0.0 -> 1.9.0 (*)
|    |    |    +--- androidx.lifecycle:lifecycle-livedata:2.0.0
|    |    |    |    +--- androidx.arch.core:core-runtime:2.0.0 -> 2.1.0 (*)
|    |    |    |    +--- androidx.lifecycle:lifecycle-livedata-core:2.0.0 -> 2.5.1 (*)
|    |    |    |    \--- androidx.arch.core:core-common:2.0.0 -> 2.1.0 (*)
|    |    |    \--- androidx.lifecycle:lifecycle-viewmodel:2.0.0 -> 2.5.1 (*)
|    |    +--- androidx.activity:activity:1.2.4 -> 1.6.0 (*)
|    |    +--- androidx.lifecycle:lifecycle-livedata-core:2.3.1 -> 2.5.1 (*)
|    |    +--- androidx.lifecycle:lifecycle-viewmodel:2.3.1 -> 2.5.1 (*)
|    |    +--- androidx.lifecycle:lifecycle-viewmodel-savedstate:2.3.1 -> 2.5.1 (*)
|    |    +--- androidx.savedstate:savedstate:1.1.0 -> 1.2.0 (*)
|    |    \--- androidx.annotation:annotation-experimental:1.0.0 -> 1.3.0 (*)
|    +--- androidx.lifecycle:lifecycle-runtime:2.5.1 (*)
|    +--- androidx.lifecycle:lifecycle-viewmodel:2.5.1 (*)
|    +--- androidx.resourceinspection:resourceinspection-annotation:1.0.1
|    |    \--- androidx.annotation:annotation:1.1.0 -> 1.3.0
|    +--- androidx.savedstate:savedstate:1.2.0 (*)
|    +--- org.jetbrains.kotlin:kotlin-stdlib:1.7.10 (*)
|    \--- androidx.appcompat:appcompat-resources:1.6.1 (c)
+--- com.google.android.material:material:1.6.1
|    +--- androidx.annotation:annotation:1.2.0 -> 1.3.0
|    +--- androidx.appcompat:appcompat:1.1.0 -> 1.6.1 (*)
|    +--- androidx.cardview:cardview:1.0.0
|    |    \--- androidx.annotation:annotation:1.0.0 -> 1.3.0
|    +--- androidx.coordinatorlayout:coordinatorlayout:1.1.0
|    |    +--- androidx.annotation:annotation:1.1.0 -> 1.3.0
|    |    +--- androidx.core:core:1.1.0 -> 1.9.0 (*)
|    |    +--- androidx.customview:customview:1.0.0 -> 1.1.0 (*)
|    |    \--- androidx.collection:collection:1.0.0 -> 1.1.0 (*)
|    +--- androidx.constraintlayout:constraintlayout:2.0.1 -> 2.1.2
|    |    +--- androidx.appcompat:appcompat:1.2.0 -> 1.6.1 (*)
|    |    +--- androidx.core:core:1.3.2 -> 1.9.0 (*)
|    |    \--- androidx.constraintlayout:constraintlayout-core:1.0.2
|    +--- androidx.core:core:1.5.0 -> 1.9.0 (*)
|    +--- androidx.drawerlayout:drawerlayout:1.1.1 (*)
|    +--- androidx.dynamicanimation:dynamicanimation:1.0.0
|    |    +--- androidx.core:core:1.0.0 -> 1.9.0 (*)
|    |    +--- androidx.collection:collection:1.0.0 -> 1.1.0 (*)
|    |    \--- androidx.legacy:legacy-support-core-utils:1.0.0
|    |         +--- androidx.annotation:annotation:1.0.0 -> 1.3.0
|    |         +--- androidx.core:core:1.0.0 -> 1.9.0 (*)
|    |         +--- androidx.documentfile:documentfile:1.0.0
|    |         |    \--- androidx.annotation:annotation:1.0.0 -> 1.3.0
|    |         +--- androidx.loader:loader:1.0.0 (*)
|    |         +--- androidx.localbroadcastmanager:localbroadcastmanager:1.0.0
|    |         |    \--- androidx.annotation:annotation:1.0.0 -> 1.3.0
|    |         \--- androidx.print:print:1.0.0
|    |              \--- androidx.annotation:annotation:1.0.0 -> 1.3.0
|    +--- androidx.annotation:annotation-experimental:1.0.0 -> 1.3.0 (*)
|    +--- androidx.fragment:fragment:1.2.5 -> 1.3.6 (*)
|    +--- androidx.lifecycle:lifecycle-runtime:2.0.0 -> 2.5.1 (*)
|    +--- androidx.recyclerview:recyclerview:1.0.0 -> 1.2.1
|    |    +--- androidx.annotation:annotation:1.1.0 -> 1.3.0
|    |    +--- androidx.core:core:1.3.2 -> 1.9.0 (*)
|    |    +--- androidx.customview:customview:1.0.0 -> 1.1.0 (*)
|    |    \--- androidx.collection:collection:1.0.0 -> 1.1.0 (*)
|    +--- androidx.transition:transition:1.2.0 -> 1.4.1
|    |    +--- androidx.annotation:annotation:1.1.0 -> 1.3.0
|    |    +--- androidx.core:core:1.1.0 -> 1.9.0 (*)
|    |    \--- androidx.collection:collection:1.1.0 (*)
|    +--- androidx.vectordrawable:vectordrawable:1.1.0 (*)
|    \--- androidx.viewpager2:viewpager2:1.0.0
|         +--- androidx.annotation:annotation:1.1.0 -> 1.3.0
|         +--- androidx.fragment:fragment:1.1.0 -> 1.3.6 (*)
|         +--- androidx.recyclerview:recyclerview:1.1.0 -> 1.2.1 (*)
|         +--- androidx.core:core:1.1.0 -> 1.9.0 (*)
|         \--- androidx.collection:collection:1.1.0 (*)
+--- androidx.legacy:legacy-support-v4:1.0.0
|    +--- androidx.core:core:1.0.0 -> 1.9.0 (*)
|    +--- androidx.media:media:1.0.0
|    |    +--- androidx.annotation:annotation:1.0.0 -> 1.3.0
|    |    +--- androidx.core:core:1.0.0 -> 1.9.0 (*)
|    |    \--- androidx.versionedparcelable:versionedparcelable:1.0.0 -> 1.1.1 (*)
|    +--- androidx.legacy:legacy-support-core-utils:1.0.0 (*)
|    +--- androidx.legacy:legacy-support-core-ui:1.0.0
|    |    +--- androidx.annotation:annotation:1.0.0 -> 1.3.0
|    |    +--- androidx.core:core:1.0.0 -> 1.9.0 (*)
|    |    +--- androidx.legacy:legacy-support-core-utils:1.0.0 (*)
|    |    +--- androidx.customview:customview:1.0.0 -> 1.1.0 (*)
|    |    +--- androidx.viewpager:viewpager:1.0.0 (*)
|    |    +--- androidx.coordinatorlayout:coordinatorlayout:1.0.0 -> 1.1.0 (*)
|    |    +--- androidx.drawerlayout:drawerlayout:1.0.0 -> 1.1.1 (*)
|    |    +--- androidx.slidingpanelayout:slidingpanelayout:1.0.0 -> 1.2.0
|    |    |    +--- androidx.annotation:annotation:1.1.0 -> 1.3.0
|    |    |    +--- androidx.customview:customview:1.1.0 (*)
|    |    |    +--- androidx.core:core:1.1.0 -> 1.9.0 (*)
|    |    |    +--- androidx.window:window:1.0.0
|    |    |    |    +--- org.jetbrains.kotlin:kotlin-stdlib:1.6.0 -> 1.7.10 (*)
|    |    |    |    +--- org.jetbrains.kotlinx:kotlinx-coroutines-android:1.5.2 -> 1.6.1 (*)
|    |    |    |    +--- androidx.annotation:annotation:1.2.0 -> 1.3.0
|    |    |    |    +--- androidx.collection:collection:1.1.0 (*)
|    |    |    |    \--- androidx.core:core:1.3.2 -> 1.9.0 (*)
|    |    |    \--- androidx.transition:transition:1.4.1 (*)
|    |    +--- androidx.interpolator:interpolator:1.0.0 (*)
|    |    +--- androidx.swiperefreshlayout:swiperefreshlayout:1.0.0
|    |    |    +--- androidx.annotation:annotation:1.0.0 -> 1.3.0
|    |    |    +--- androidx.core:core:1.0.0 -> 1.9.0 (*)
|    |    |    \--- androidx.interpolator:interpolator:1.0.0 (*)
|    |    +--- androidx.asynclayoutinflater:asynclayoutinflater:1.0.0
|    |    |    +--- androidx.annotation:annotation:1.0.0 -> 1.3.0
|    |    |    \--- androidx.core:core:1.0.0 -> 1.9.0 (*)
|    |    \--- androidx.cursoradapter:cursoradapter:1.0.0 (*)
|    \--- androidx.fragment:fragment:1.0.0 -> 1.3.6 (*)
+--- androidx.recyclerview:recyclerview:1.2.1 (*)
+--- androidx.preference:preference:1.2.0
|    +--- androidx.annotation:annotation:1.2.0 -> 1.3.0
|    +--- androidx.appcompat:appcompat:1.1.0 -> 1.6.1 (*)
|    +--- androidx.core:core:1.6.0 -> 1.9.0 (*)
|    +--- androidx.fragment:fragment-ktx:1.3.6
|    |    +--- androidx.fragment:fragment:1.3.6 (*)
|    |    +--- androidx.activity:activity-ktx:1.2.2 -> 1.6.0
|    |    |    +--- androidx.activity:activity:1.6.0 (*)
|    |    |    +--- androidx.core:core-ktx:1.1.0 -> 1.9.0 (*)
|    |    |    +--- androidx.lifecycle:lifecycle-runtime-ktx:2.5.1
|    |    |    |    +--- androidx.annotation:annotation:1.0.0 -> 1.3.0
|    |    |    |    +--- androidx.lifecycle:lifecycle-runtime:2.5.1 (*)
|    |    |    |    +--- org.jetbrains.kotlin:kotlin-stdlib:1.6.21 -> 1.7.10 (*)
|    |    |    |    \--- org.jetbrains.kotlinx:kotlinx-coroutines-android:1.6.1 (*)
|    |    |    +--- androidx.lifecycle:lifecycle-viewmodel-ktx:2.5.1
|    |    |    |    +--- androidx.lifecycle:lifecycle-viewmodel:2.5.1 (*)
|    |    |    |    +--- org.jetbrains.kotlin:kotlin-stdlib:1.6.21 -> 1.7.10 (*)
|    |    |    |    \--- org.jetbrains.kotlinx:kotlinx-coroutines-android:1.6.1 (*)
|    |    |    +--- androidx.savedstate:savedstate-ktx:1.2.0
|    |    |    |    +--- androidx.savedstate:savedstate:1.2.0 (*)
|    |    |    |    \--- org.jetbrains.kotlin:kotlin-stdlib:1.6.20 -> 1.7.10 (*)
|    |    |    +--- org.jetbrains.kotlin:kotlin-stdlib:1.7.10 (*)
|    |    |    \--- androidx.activity:activity:1.6.0 (c)
|    |    +--- androidx.core:core-ktx:1.1.0 -> 1.9.0 (*)
|    |    +--- androidx.collection:collection-ktx:1.1.0
|    |    |    +--- org.jetbrains.kotlin:kotlin-stdlib:1.3.20 -> 1.7.10 (*)
|    |    |    \--- androidx.collection:collection:1.1.0 (*)
|    |    +--- androidx.lifecycle:lifecycle-livedata-core-ktx:2.3.1
|    |    |    +--- androidx.lifecycle:lifecycle-livedata-core:2.3.1 -> 2.5.1 (*)
|    |    |    \--- org.jetbrains.kotlin:kotlin-stdlib:1.4.20 -> 1.7.10 (*)
|    |    +--- androidx.lifecycle:lifecycle-viewmodel-ktx:2.3.1 -> 2.5.1 (*)
|    |    +--- androidx.savedstate:savedstate-ktx:1.1.0 -> 1.2.0 (*)
|    |    \--- org.jetbrains.kotlin:kotlin-stdlib:1.4.20 -> 1.7.10 (*)
|    +--- androidx.recyclerview:recyclerview:1.0.0 -> 1.2.1 (*)
|    +--- androidx.slidingpanelayout:slidingpanelayout:1.2.0 (*)
|    \--- androidx.collection:collection:1.0.0 -> 1.1.0 (*)
+--- androidx.legacy:legacy-preference-v14:1.0.0
|    \--- androidx.preference:preference:1.0.0 -> 1.2.0 (*)
+--- androidx.browser:browser:1.4.0
|    +--- androidx.collection:collection:1.1.0 (*)
|    +--- androidx.concurrent:concurrent-futures:1.0.0 (*)
|    +--- androidx.interpolator:interpolator:1.0.0 (*)
|    +--- androidx.core:core:1.1.0 -> 1.9.0 (*)
|    +--- androidx.annotation:annotation:1.1.0 -> 1.3.0
|    \--- com.google.guava:listenablefuture:1.0
+--- com.vladsch.flexmark:flexmark:0.42.14
|    \--- com.vladsch.flexmark:flexmark-util:0.42.14
+--- com.vladsch.flexmark:flexmark-util:0.42.14
+--- com.vladsch.flexmark:flexmark-ext-emoji:0.42.14
|    +--- com.vladsch.flexmark:flexmark-util:0.42.14
|    +--- com.vladsch.flexmark:flexmark:0.42.14 (*)
|    +--- com.vladsch.flexmark:flexmark-jira-converter:0.42.14
|    |    +--- com.vladsch.flexmark:flexmark-util:0.42.14
|    |    +--- com.vladsch.flexmark:flexmark-ext-gfm-strikethrough:0.42.14
|    |    |    +--- com.vladsch.flexmark:flexmark-util:0.42.14
|    |    |    +--- com.vladsch.flexmark:flexmark:0.42.14 (*)
|    |    |    \--- com.vladsch.flexmark:flexmark-formatter:0.42.14
|    |    |         +--- com.vladsch.flexmark:flexmark-util:0.42.14
|    |    |         \--- com.vladsch.flexmark:flexmark:0.42.14 (*)
|    |    +--- com.vladsch.flexmark:flexmark-ext-tables:0.42.14
|    |    |    +--- com.vladsch.flexmark:flexmark-util:0.42.14
|    |    |    +--- com.vladsch.flexmark:flexmark:0.42.14 (*)
|    |    |    \--- com.vladsch.flexmark:flexmark-formatter:0.42.14 (*)
|    |    +--- com.vladsch.flexmark:flexmark-ext-wikilink:0.42.14
|    |    |    +--- com.vladsch.flexmark:flexmark-util:0.42.14
|    |    |    +--- com.vladsch.flexmark:flexmark:0.42.14 (*)
|    |    |    \--- com.vladsch.flexmark:flexmark-formatter:0.42.14 (*)
|    |    +--- com.vladsch.flexmark:flexmark-ext-ins:0.42.14
|    |    |    +--- com.vladsch.flexmark:flexmark-util:0.42.14
|    |    |    +--- com.vladsch.flexmark:flexmark:0.42.14 (*)
|    |    |    \--- com.vladsch.flexmark:flexmark-formatter:0.42.14 (*)
|    |    +--- com.vladsch.flexmark:flexmark-ext-superscript:0.42.14
|    |    |    +--- com.vladsch.flexmark:flexmark-util:0.42.14
|    |    |    +--- com.vladsch.flexmark:flexmark:0.42.14 (*)
|    |    |    \--- com.vladsch.flexmark:flexmark-formatter:0.42.14 (*)
|    |    \--- com.vladsch.flexmark:flexmark:0.42.14 (*)
|    \--- com.vladsch.flexmark:flexmark-formatter:0.42.14 (*)
+--- com.vladsch.flexmark:flexmark-ext-gfm-tasklist:0.42.14
|    +--- com.vladsch.flexmark:flexmark-util:0.42.14
|    +--- com.vladsch.flexmark:flexmark:0.42.14 (*)
|    \--- com.vladsch.flexmark:flexmark-formatter:0.42.14 (*)
+--- com.vladsch.flexmark:flexmark-ext-superscript:0.42.14 (*)
+--- com.vladsch.flexmark:flexmark-ext-autolink:0.42.14
|    +--- com.vladsch.flexmark:flexmark-util:0.42.14
|    +--- com.vladsch.flexmark:flexmark:0.42.14 (*)
|    \--- org.nibor.autolink:autolink:0.6.0
+--- com.vladsch.flexmark:flexmark-ext-toc:0.42.14
|    +--- com.vladsch.flexmark:flexmark-util:0.42.14
|    +--- com.vladsch.flexmark:flexmark:0.42.14 (*)
|    \--- com.vladsch.flexmark:flexmark-formatter:0.42.14 (*)
+--- com.vladsch.flexmark:flexmark-ext-tables:0.42.14 (*)
+--- com.vladsch.flexmark:flexmark-ext-jekyll-front-matter:0.42.14
|    +--- com.vladsch.flexmark:flexmark-util:0.42.14
|    +--- com.vladsch.flexmark:flexmark:0.42.14 (*)
|    +--- com.vladsch.flexmark:flexmark-ext-yaml-front-matter:0.42.14
|    |    +--- com.vladsch.flexmark:flexmark-util:0.42.14
|    |    +--- com.vladsch.flexmark:flexmark:0.42.14 (*)
|    |    \--- com.vladsch.flexmark:flexmark-formatter:0.42.14 (*)
|    \--- com.vladsch.flexmark:flexmark-formatter:0.42.14 (*)
+--- com.vladsch.flexmark:flexmark-ext-jekyll-tag:0.42.14
|    +--- com.vladsch.flexmark:flexmark-util:0.42.14
|    +--- com.vladsch.flexmark:flexmark:0.42.14 (*)
|    \--- com.vladsch.flexmark:flexmark-formatter:0.42.14 (*)
+--- com.vladsch.flexmark:flexmark-ext-anchorlink:0.42.14
|    +--- com.vladsch.flexmark:flexmark-util:0.42.14
|    +--- com.vladsch.flexmark:flexmark:0.42.14 (*)
|    \--- com.vladsch.flexmark:flexmark-formatter:0.42.14 (*)
+--- com.vladsch.flexmark:flexmark-ext-gfm-strikethrough:0.42.14 (*)
+--- com.vladsch.flexmark:flexmark-ext-yaml-front-matter:0.42.14 (*)
+--- com.vladsch.flexmark:flexmark-ext-footnotes:0.42.14
|    +--- com.vladsch.flexmark:flexmark-util:0.42.14
|    +--- com.vladsch.flexmark:flexmark:0.42.14 (*)
|    \--- com.vladsch.flexmark:flexmark-formatter:0.42.14 (*)
+--- com.vladsch.flexmark:flexmark-ext-gitlab:0.42.14
|    +--- com.vladsch.flexmark:flexmark-util:0.42.14
|    +--- com.vladsch.flexmark:flexmark:0.42.14 (*)
|    \--- com.vladsch.flexmark:flexmark-formatter:0.42.14 (*)
+--- com.vladsch.flexmark:flexmark-ext-typographic:0.42.14
|    +--- com.vladsch.flexmark:flexmark-util:0.42.14
|    +--- com.vladsch.flexmark:flexmark:0.42.14 (*)
|    \--- com.vladsch.flexmark:flexmark-formatter:0.42.14 (*)
+--- com.vladsch.flexmark:flexmark-ext-admonition:0.42.14
|    +--- com.vladsch.flexmark:flexmark-util:0.42.14
|    +--- com.vladsch.flexmark:flexmark:0.42.14 (*)
|    \--- com.vladsch.flexmark:flexmark-formatter:0.42.14 (*)
+--- com.opencsv:opencsv:3.10
|    \--- org.apache.commons:commons-lang3:3.5
+--- com.github.Pixplicity:gene-rate:v1.1.8
+--- com.github.AppIntro:AppIntro:6.2.0
|    +--- org.jetbrains.kotlin:kotlin-stdlib-jdk8:1.6.10 (*)
|    +--- androidx.appcompat:appcompat:1.4.0 -> 1.6.1 (*)
|    +--- androidx.annotation:annotation:1.3.0
|    \--- androidx.constraintlayout:constraintlayout:2.1.2 (*)
+--- com.github.mertakdut:EpubParser:1.0.95
|    \--- commons-codec:commons-codec:1.10
+--- com.github.martin-stone:hsv-alpha-color-picker-android:3.1.0
|    +--- androidx.appcompat:appcompat:1.6.1 (*)
|    \--- androidx.preference:preference:1.2.0 (*)
+--- commons-io:commons-io:2.7
\--- com.google.code.gson:gson:2.10.1

(c) - A dependency constraint, not a dependency. The dependency affected by the constraint occurs elsewhere in the tree.
(*) - Indicates repeated occurrences of a transitive dependency subtree. Gradle expands transitive dependency subtrees only once per project; repeat occurrences only display the root of the subtree, followed by this annotation.

A web-based, searchable dependency report is available by adding the --scan option.

[Incubating] Problems report is available at: file:///home/runner/work/extended-notepad/extended-notepad/build/reports/problems/problems-report.html

Deprecated Gradle features were used in this build, making it incompatible with Gradle 9.0.

You can use '--warning-mode all' to show the individual deprecation warnings and determine if they come from your own scripts or plugins.

For more on this, please refer to https://docs.gradle.org/8.13/userguide/command_line_interface.html#sec:command_line_warnings in the Gradle documentation.

BUILD SUCCESSFUL in 11s
1 actionable task: 1 executed
