To honour the JVM settings for this build a single-use Daemon process will be forked. For more on this, please refer to https://docs.gradle.org/8.13/userguide/gradle_daemon.html#sec:disabling_the_daemon in the Gradle documentation.
Daemon will be stopped at the end of the build 
Configuration on demand is an incubating feature.

> Configure project :app
WARNING: The option setting 'android.defaults.buildfeatures.buildconfig=true' is deprecated.
The current default is 'false'.
It will be removed in version 10.0 of the Android Gradle plugin.
To keep using this feature, add the following to your module-level build.gradle files:
    android.buildFeatures.buildConfig = true
or from Android Studio, click: `Refactor` > `Migrate BuildConfig to Gradle Build Files`.

> Task :app:preBuild UP-TO-DATE
> Task :app:preFlavorDefaultDebugBuild UP-TO-DATE
> Task :app:generateFlavorDefaultDebugBuildConfig
> Task :copyRepoFiles
> Task :app:javaPreCompileFlavorDefaultDebug
> Task :app:checkFlavorDefaultDebugAarMetadata
> Task :app:processFlavorDefaultDebugNavigationResources
> Task :app:compileFlavorDefaultDebugNavigationResources
> Task :app:generateFlavorDefaultDebugResValues
> Task :app:mapFlavorDefaultDebugSourceSetPaths
> Task :app:generateFlavorDefaultDebugResources
> Task :app:createFlavorDefaultDebugCompatibleScreenManifests
> Task :app:extractDeepLinksFlavorDefaultDebug

> Task :app:mergeFlavorDefaultDebugResources
/home/runner/.gradle/caches/8.13/transforms/f3ebd1ae75efb693742a4da288a36e61/transformed/browser-1.4.0/res/values-pt/values-pt.xml:2:4: Multiple substitutions specified in non-positional format of string resource string/copy_move_conflict_message. Did you mean to add the formatted="false" attribute?
/home/runner/.gradle/caches/8.13/transforms/f3ebd1ae75efb693742a4da288a36e61/transformed/browser-1.4.0/res/values/values.xml:8:4: Multiple substitutions specified in non-positional format of string resource string/copy_move_conflict_message. Did you mean to add the formatted="false" attribute?
/home/runner/.gradle/caches/8.13/transforms/f3ebd1ae75efb693742a4da288a36e61/transformed/browser-1.4.0/res/values-it/values-it.xml:2:4: Multiple substitutions specified in non-positional format of string resource string/copy_move_conflict_message. Did you mean to add the formatted="false" attribute?
/home/runner/.gradle/caches/8.13/transforms/f3ebd1ae75efb693742a4da288a36e61/transformed/browser-1.4.0/res/values-in/values-in.xml:2:4: Multiple substitutions specified in non-positional format of string resource string/copy_move_conflict_message. Did you mean to add the formatted="false" attribute?
/home/runner/.gradle/caches/8.13/transforms/f3ebd1ae75efb693742a4da288a36e61/transformed/browser-1.4.0/res/values-ar/values-ar.xml:2:4: Multiple substitutions specified in non-positional format of string resource string/copy_move_conflict_message. Did you mean to add the formatted="false" attribute?
/home/runner/.gradle/caches/8.13/transforms/f3ebd1ae75efb693742a4da288a36e61/transformed/browser-1.4.0/res/values-hu/values-hu.xml:2:4: Multiple substitutions specified in non-positional format of string resource string/copy_move_conflict_message. Did you mean to add the formatted="false" attribute?
/home/runner/.gradle/caches/8.13/transforms/f3ebd1ae75efb693742a4da288a36e61/transformed/browser-1.4.0/res/values-bs/values-bs.xml:2:4: Multiple substitutions specified in non-positional format of string resource string/copy_move_conflict_message. Did you mean to add the formatted="false" attribute?
/home/runner/.gradle/caches/8.13/transforms/f3ebd1ae75efb693742a4da288a36e61/transformed/browser-1.4.0/res/values-ro/values-ro.xml:2:4: Multiple substitutions specified in non-positional format of string resource string/copy_move_conflict_message. Did you mean to add the formatted="false" attribute?
/home/runner/.gradle/caches/8.13/transforms/f3ebd1ae75efb693742a4da288a36e61/transformed/browser-1.4.0/res/values-ko/values-ko.xml:2:4: Multiple substitutions specified in non-positional format of string resource string/copy_move_conflict_message. Did you mean to add the formatted="false" attribute?
/home/runner/.gradle/caches/8.13/transforms/f3ebd1ae75efb693742a4da288a36e61/transformed/browser-1.4.0/res/values-ja/values-ja.xml:2:4: Multiple substitutions specified in non-positional format of string resource string/copy_move_conflict_message. Did you mean to add the formatted="false" attribute?
/home/runner/.gradle/caches/8.13/transforms/f3ebd1ae75efb693742a4da288a36e61/transformed/browser-1.4.0/res/values-pt-rBR/values-pt-rBR.xml:2:4: Multiple substitutions specified in non-positional format of string resource string/copy_move_conflict_message. Did you mean to add the formatted="false" attribute?
/home/runner/work/extended-notepad/extended-notepad/app/src/main/res/values-sc/strings.xml:374:4: Multiple substitutions specified in non-positional format of string resource string/copy_move_conflict_message. Did you mean to add the formatted="false" attribute?
/home/runner/.gradle/caches/8.13/transforms/f3ebd1ae75efb693742a4da288a36e61/transformed/browser-1.4.0/res/values-da/values-da.xml:2:4: Multiple substitutions specified in non-positional format of string resource string/copy_move_conflict_message. Did you mean to add the formatted="false" attribute?
/home/runner/.gradle/caches/8.13/transforms/f3ebd1ae75efb693742a4da288a36e61/transformed/browser-1.4.0/res/values-si/values-si.xml:2:4: Multiple substitutions specified in non-positional format of string resource string/copy_move_conflict_message. Did you mean to add the formatted="false" attribute?
/home/runner/work/extended-notepad/extended-notepad/app/src/main/res/values-eo/strings.xml:54:4: Multiple substitutions specified in non-positional format of string resource string/copy_move_conflict_message. Did you mean to add the formatted="false" attribute?
/home/runner/.gradle/caches/8.13/transforms/f3ebd1ae75efb693742a4da288a36e61/transformed/browser-1.4.0/res/values-nl/values-nl.xml:2:4: Multiple substitutions specified in non-positional format of string resource string/copy_move_conflict_message. Did you mean to add the formatted="false" attribute?
/home/runner/.gradle/caches/8.13/transforms/f3ebd1ae75efb693742a4da288a36e61/transformed/browser-1.4.0/res/values-sl/values-sl.xml:2:4: Multiple substitutions specified in non-positional format of string resource string/copy_move_conflict_message. Did you mean to add the formatted="false" attribute?
/home/runner/.gradle/caches/8.13/transforms/f3ebd1ae75efb693742a4da288a36e61/transformed/browser-1.4.0/res/values-ca/values-ca.xml:2:4: Multiple substitutions specified in non-positional format of string resource string/copy_move_conflict_message. Did you mean to add the formatted="false" attribute?
/home/runner/.gradle/caches/8.13/transforms/f3ebd1ae75efb693742a4da288a36e61/transformed/browser-1.4.0/res/values-tr/values-tr.xml:2:4: Multiple substitutions specified in non-positional format of string resource string/copy_move_conflict_message. Did you mean to add the formatted="false" attribute?
/home/runner/.gradle/caches/8.13/transforms/f3ebd1ae75efb693742a4da288a36e61/transformed/browser-1.4.0/res/values-mk/values-mk.xml:2:4: Multiple substitutions specified in non-positional format of string resource string/copy_move_conflict_message. Did you mean to add the formatted="false" attribute?
/home/runner/.gradle/caches/8.13/transforms/f3ebd1ae75efb693742a4da288a36e61/transformed/browser-1.4.0/res/values-de/values-de.xml:2:4: Multiple substitutions specified in non-positional format of string resource string/copy_move_conflict_message. Did you mean to add the formatted="false" attribute?
/home/runner/.gradle/caches/8.13/transforms/f3ebd1ae75efb693742a4da288a36e61/transformed/browser-1.4.0/res/values-el/values-el.xml:2:4: Multiple substitutions specified in non-positional format of string resource string/copy_move_conflict_message. Did you mean to add the formatted="false" attribute?
/home/runner/.gradle/caches/8.13/transforms/f3ebd1ae75efb693742a4da288a36e61/transformed/browser-1.4.0/res/values-uk/values-uk.xml:2:4: Multiple substitutions specified in non-positional format of string resource string/copy_move_conflict_message. Did you mean to add the formatted="false" attribute?
/home/runner/.gradle/caches/8.13/transforms/f3ebd1ae75efb693742a4da288a36e61/transformed/browser-1.4.0/res/values-zh-rCN/values-zh-rCN.xml:2:4: Multiple substitutions specified in non-positional format of string resource string/copy_move_conflict_message. Did you mean to add the formatted="false" attribute?
/home/runner/.gradle/caches/8.13/transforms/f3ebd1ae75efb693742a4da288a36e61/transformed/browser-1.4.0/res/values-et/values-et.xml:2:4: Multiple substitutions specified in non-positional format of string resource string/copy_move_conflict_message. Did you mean to add the formatted="false" attribute?
/home/runner/.gradle/caches/8.13/transforms/f3ebd1ae75efb693742a4da288a36e61/transformed/browser-1.4.0/res/values-fr/values-fr.xml:2:4: Multiple substitutions specified in non-positional format of string resource string/copy_move_conflict_message. Did you mean to add the formatted="false" attribute?
/home/runner/.gradle/caches/8.13/transforms/f3ebd1ae75efb693742a4da288a36e61/transformed/browser-1.4.0/res/values-fi/values-fi.xml:2:4: Multiple substitutions specified in non-positional format of string resource string/copy_move_conflict_message. Did you mean to add the formatted="false" attribute?
/home/runner/.gradle/caches/8.13/transforms/f3ebd1ae75efb693742a4da288a36e61/transformed/browser-1.4.0/res/values-pl/values-pl.xml:2:4: Multiple substitutions specified in non-positional format of string resource string/copy_move_conflict_message. Did you mean to add the formatted="false" attribute?
/home/runner/work/extended-notepad/extended-notepad/app/src/main/res/values-nb-rNO/strings.xml:412:4: Multiple substitutions specified in non-positional format of string resource string/copy_move_conflict_message. Did you mean to add the formatted="false" attribute?
/home/runner/.gradle/caches/8.13/transforms/f3ebd1ae75efb693742a4da288a36e61/transformed/browser-1.4.0/res/values-iw/values-iw.xml:2:4: Multiple substitutions specified in non-positional format of string resource string/copy_move_conflict_message. Did you mean to add the formatted="false" attribute?
/home/runner/.gradle/caches/8.13/transforms/f3ebd1ae75efb693742a4da288a36e61/transformed/browser-1.4.0/res/values-ru/values-ru.xml:2:4: Multiple substitutions specified in non-positional format of string resource string/copy_move_conflict_message. Did you mean to add the formatted="false" attribute?
/home/runner/.gradle/caches/8.13/transforms/f3ebd1ae75efb693742a4da288a36e61/transformed/browser-1.4.0/res/values-sv/values-sv.xml:2:4: Multiple substitutions specified in non-positional format of string resource string/copy_move_conflict_message. Did you mean to add the formatted="false" attribute?
/home/runner/.gradle/caches/8.13/transforms/f3ebd1ae75efb693742a4da288a36e61/transformed/browser-1.4.0/res/values-cs/values-cs.xml:2:4: Multiple substitutions specified in non-positional format of string resource string/copy_move_conflict_message. Did you mean to add the formatted="false" attribute?
/home/runner/.gradle/caches/8.13/transforms/f3ebd1ae75efb693742a4da288a36e61/transformed/browser-1.4.0/res/values-zh-rTW/values-zh-rTW.xml:2:4: Multiple substitutions specified in non-positional format of string resource string/copy_move_conflict_message. Did you mean to add the formatted="false" attribute?
/home/runner/.gradle/caches/8.13/transforms/f3ebd1ae75efb693742a4da288a36e61/transformed/browser-1.4.0/res/values-es/values-es.xml:2:4: Multiple substitutions specified in non-positional format of string resource string/copy_move_conflict_message. Did you mean to add the formatted="false" attribute?
/home/runner/work/extended-notepad/extended-notepad/app/src/main/res/values-no/strings.xml:365:4: Multiple substitutions specified in non-positional format of string resource string/copy_move_conflict_message. Did you mean to add the formatted="false" attribute?
/home/runner/work/extended-notepad/extended-notepad/app/src/main/res/values-ckb/strings.xml:60:4: Multiple substitutions specified in non-positional format of string resource string/copy_move_conflict_message. Did you mean to add the formatted="false" attribute?

> Task :app:processFlavorDefaultDebugMainManifest
> Task :app:processFlavorDefaultDebugManifest
> Task :app:preFlavorDefaultDebugAndroidTestBuild SKIPPED
> Task :app:generateFlavorDefaultDebugAndroidTestResValues
> Task :app:extractProguardFiles
> Task :app:preFlavorDefaultDebugUnitTestBuild UP-TO-DATE
> Task :app:processFlavorDefaultDebugManifestForPackage
> Task :app:processFlavorDefaultDebugResources

> Task :app:compileFlavorDefaultDebugJavaWithJavac
Java compiler version 21 has deprecated support for compiling with source/target version 8.
Try one of the following options:
    1. [Recommended] Use Java toolchain with a lower language version
    2. Set a higher source/target version
    3. Use a lower version of the JDK running the build (if you're not using Java toolchain)
For more details on how to configure these settings, see https://developer.android.com/build/jdks.
To suppress this warning, set android.javaCompile.suppressSourceTargetDeprecationWarning=true in gradle.properties.
warning: [options] source value 8 is obsolete and will be removed in a future release
warning: [options] target value 8 is obsolete and will be removed in a future release
warning: [options] To suppress warnings about obsolete options, use -Xlint:-options.
Note: Some input files use or override a deprecated API.
Note: Recompile with -Xlint:deprecation for details.
Note: Some input files use unchecked or unsafe operations.
Note: Recompile with -Xlint:unchecked for details.
3 warnings

> Task :app:bundleFlavorDefaultDebugClassesToCompileJar
> Task :app:generateFlavorDefaultDebugLintReportModel
> Task :app:generateFlavorDefaultDebugAndroidTestLintModel
> Task :app:generateFlavorDefaultDebugUnitTestLintModel
> Task :app:lintAnalyzeFlavorDefaultDebugAndroidTest
> Task :app:lintAnalyzeFlavorDefaultDebugUnitTest
> Task :app:lintAnalyzeFlavorDefaultDebug

> Task :app:lintReportFlavorDefaultDebug
Wrote HTML report to file:///home/runner/work/extended-notepad/extended-notepad/app/build/reports/lint-results-flavorDefaultDebug.html

> Task :app:lintFlavorDefaultDebug

[Incubating] Problems report is available at: file:///home/runner/work/extended-notepad/extended-notepad/build/reports/problems/problems-report.html

Deprecated Gradle features were used in this build, making it incompatible with Gradle 9.0.

You can use '--warning-mode all' to show the individual deprecation warnings and determine if they come from your own scripts or plugins.

For more on this, please refer to https://docs.gradle.org/8.13/userguide/command_line_interface.html#sec:command_line_warnings in the Gradle documentation.

BUILD SUCCESSFUL in 1m 17s
28 actionable tasks: 28 executed
